2026-03-24 19:12:34 | WARNING  | Dinamo Rent ERP.__main__       | Módulo no encontrado (usando QWidget de relleno): No module named 'modules'
2026-03-24 21:30:18 | WARNING  | Dinamo Rent ERP.services.services | Intento de login fallido: admin
2026-03-24 21:30:27 | WARNING  | Dinamo Rent ERP.services.services | Intento de login fallido: admin
2026-03-24 21:30:31 | WARNING  | Dinamo Rent ERP.services.services | Intento de login fallido: admin
2026-03-24 21:32:56 | WARNING  | Dinamo Rent ERP.services.services | Intento de login fallido: admin
2026-03-24 21:32:57 | WARNING  | Dinamo Rent ERP.services.services | Intento de login fallido: admin
2026-03-24 21:32:57 | WARNING  | Dinamo Rent ERP.services.services | Intento de login fallido: admin
2026-03-24 21:32:58 | WARNING  | Dinamo Rent ERP.services.services | Intento de login fallido: admin
2026-03-24 21:32:59 | WARNING  | Dinamo Rent ERP.services.services | Intento de login fallido: admin
2026-03-24 21:32:59 | WARNING  | Dinamo Rent ERP.services.services | Intento de login fallido: admin
2026-03-24 21:33:04 | WARNING  | Dinamo Rent ERP.services.services | Intento de login fallido: admin
2026-03-24 21:34:40 | WARNING  | Dinamo Rent ERP.services.services | Intento de login fallido: admin
2026-03-24 21:36:12 | WARNING  | Dinamo Rent ERP.services.services | Intento de login fallido: admin
2026-03-24 21:40:26 | WARNING  | Dinamo Rent ERP.__main__       | Módulo no encontrado (usando QWidget de relleno): No module named 'modules'
2026-03-24 21:56:22 | WARNING  | Dinamo Rent ERP.__main__       | Módulo no encontrado (usando QWidget de relleno): No module named 'database'
2026-03-24 21:58:06 | WARNING  | Dinamo Rent ERP.__main__       | Módulo no encontrado (usando QWidget de relleno): No module named 'database'
2026-03-24 21:59:20 | WARNING  | Dinamo Rent ERP.__main__       | Módulo no encontrado (usando QWidget de relleno): No module named 'utils'
2026-03-24 22:00:44 | WARNING  | Dinamo Rent ERP.__main__       | Módulo no encontrado (usando QWidget de relleno): No module named 'utils'
2026-03-24 22:01:46 | WARNING  | Dinamo Rent ERP.__main__       | Módulo no encontrado (usando QWidget de relleno): No module named 'utils'
2026-03-24 22:02:41 | WARNING  | Dinamo Rent ERP.__main__       | Módulo no encontrado (usando QWidget de relleno): No module named 'utils'
2026-03-24 22:28:21 | WARNING  | Dinamo Rent ERP.__main__       | Módulo no encontrado (usando QWidget de relleno): No module named 'utils'
2026-03-25 08:53:07 | WARNING  | Dinamo Rent ERP.__main__       | Módulo no encontrado (usando QWidget de relleno): No module named 'utils'
2026-03-25 08:57:23 | ERROR    | Dinamo Rent ERP.__main__       | Error en login: No module named 'utils'
Traceback (most recent call last):
  File "G:\Dinamo_Rent\views\rentas_view.py", line 19, in <module>
    from modules import utils
  File "G:\Dinamo_Rent\modules\utils.py", line 8, in <module>
    import jinja2
ModuleNotFoundError: No module named 'jinja2'

During handling of the above exception, another exception occurred:

Traceback (most recent call last):
  File "G:\Dinamo_Rent\main_qt.py", line 232, in _login
    self._main = MainWindow(session)
                 ~~~~~~~~~~^^^^^^^^^
  File "G:\Dinamo_Rent\main_qt.py", line 285, in __init__
    self._inicializar_vistas()
    ~~~~~~~~~~~~~~~~~~~~~~~~^^
  File "G:\Dinamo_Rent\main_qt.py", line 371, in _inicializar_vistas
    Clientes, Autos, Mantenimiento, Usuarios, Informes) = _cargar_vistas()
                                                          ~~~~~~~~~~~~~~^^
  File "G:\Dinamo_Rent\main_qt.py", line 42, in _cargar_vistas
    from views.rentas_view         import RentasWidget
  File "G:\Dinamo_Rent\views\rentas_view.py", line 21, in <module>
    import utils
ModuleNotFoundError: No module named 'utils'
2026-03-25 09:14:17 | WARNING  | Dinamo Rent ERP.services.services | Intento de login fallido: admin
2026-03-25 09:14:33 | ERROR    | Dinamo Rent ERP.__main__       | Error en login: cannot import name 'MantenimientoRepository' from 'repositories.reserva_repository' (G:\Dinamo_Rent\repositories\reserva_repository.py)
Traceback (most recent call last):
  File "G:\Dinamo_Rent\main_qt.py", line 232, in _login
    self._main = MainWindow(session)
                 ~~~~~~~~~~^^^^^^^^^
  File "G:\Dinamo_Rent\main_qt.py", line 285, in __init__
    self._inicializar_vistas()
    ~~~~~~~~~~~~~~~~~~~~~~~~^^
  File "G:\Dinamo_Rent\main_qt.py", line 371, in _inicializar_vistas
    Clientes, Autos, Mantenimiento, Usuarios, Informes) = _cargar_vistas()
                                                          ~~~~~~~~~~~~~~^^
  File "G:\Dinamo_Rent\main_qt.py", line 43, in _cargar_vistas
    from views.reservas_view       import ReservasWidget
  File "G:\Dinamo_Rent\views\reservas_view.py", line 16, in <module>
    from services.services_extra import ReservaService
  File "G:\Dinamo_Rent\services\services_extra.py", line 15, in <module>
    from repositories.reserva_repository import ReservaRepository, MantenimientoRepository
ImportError: cannot import name 'MantenimientoRepository' from 'repositories.reserva_repository' (G:\Dinamo_Rent\repositories\reserva_repository.py)
2026-03-25 09:21:27 | ERROR    | Dinamo Rent ERP.__main__       | Error en login: cannot import name 'MantenimientoRepository' from 'repositories.reserva_repository' (G:\Dinamo_Rent\repositories\reserva_repository.py)
Traceback (most recent call last):
  File "G:\Dinamo_Rent\main_qt.py", line 232, in _login
    self._main = MainWindow(session)
                 ~~~~~~~~~~^^^^^^^^^
  File "G:\Dinamo_Rent\main_qt.py", line 285, in __init__
    self._inicializar_vistas()
    ~~~~~~~~~~~~~~~~~~~~~~~~^^
  File "G:\Dinamo_Rent\main_qt.py", line 371, in _inicializar_vistas
    Clientes, Autos, Mantenimiento, Usuarios, Informes) = _cargar_vistas()
                                                          ~~~~~~~~~~~~~~^^
  File "G:\Dinamo_Rent\main_qt.py", line 43, in _cargar_vistas
    from views.reservas_view       import ReservasWidget
  File "G:\Dinamo_Rent\views\reservas_view.py", line 16, in <module>
    from services.services_extra import ReservaService
  File "G:\Dinamo_Rent\services\services_extra.py", line 15, in <module>
    from repositories.reserva_repository import ReservaRepository, MantenimientoRepository
ImportError: cannot import name 'MantenimientoRepository' from 'repositories.reserva_repository' (G:\Dinamo_Rent\repositories\reserva_repository.py)
2026-03-25 09:39:37 | ERROR    | Dinamo Rent ERP.__main__       | Error en login: not all arguments converted during string formatting
Traceback (most recent call last):
  File "G:\Dinamo_Rent\main_qt.py", line 232, in _login
    self._main = MainWindow(session)
                 ~~~~~~~~~~^^^^^^^^^
  File "G:\Dinamo_Rent\main_qt.py", line 285, in __init__
    self._inicializar_vistas()
    ~~~~~~~~~~~~~~~~~~~~~~~~^^
  File "G:\Dinamo_Rent\main_qt.py", line 375, in _inicializar_vistas
    self.stack.addWidget(W())
                         ~^^
  File "G:\Dinamo_Rent\views\calendario_view.py", line 23, in __init__
    self.cargar_calendario()
    ~~~~~~~~~~~~~~~~~~~~~~^^
  File "G:\Dinamo_Rent\views\calendario_view.py", line 106, in cargar_calendario
    rentas = RentaService.obtener_para_calendario(self.mes_vista, self.anio_vista)
  File "G:\Dinamo_Rent\services\services.py", line 280, in obtener_para_calendario
    return RentaRepository.obtener_para_calendario(mes, anio)
           ~~~~~~~~~~~~~~~~~~~~~~~~~~~~~~~~~~~~~~~^^^^^^^^^^^
  File "G:\Dinamo_Rent\repositories\renta_repository.py", line 53, in obtener_para_calendario
    cur = _execute(conn, sql, (fecha_fin, fecha_ini, fecha_fin, fecha_ini))
  File "G:\Dinamo_Rent\repositories\database.py", line 49, in _execute
    cur.execute(sql, params or ())
    ~~~~~~~~~~~^^^^^^^^^^^^^^^^^^^
  File "D:\Users\Core-i7Pc\AppData\Local\Programs\Python\Python314\Lib\site-packages\pymysql\cursors.py", line 151, in execute
    query = self.mogrify(query, args)
  File "D:\Users\Core-i7Pc\AppData\Local\Programs\Python\Python314\Lib\site-packages\pymysql\cursors.py", line 129, in mogrify
    query = query % self._escape_args(args, conn)
            ~~~~~~^~~~~~~~~~~~~~~~~~~~~~~~~~~~~~~
TypeError: not all arguments converted during string formatting
2026-03-25 09:44:34 | WARNING  | Dinamo Rent ERP.InformesWidget | Error mostrado al usuario: Error inesperado: not enough arguments for format string
2026-03-25 09:44:38 | ERROR    | Dinamo Rent ERP.InformesWidget | Error inesperado en InformesWidget: not enough arguments for format string
Traceback (most recent call last):
  File "G:\Dinamo_Rent\views\base_widget.py", line 57, in ejecutar_seguro
    resultado = func(*args, **kwargs)
  File "G:\Dinamo_Rent\services\services.py", line 169, in balance_mensual
    raw = RentaRepository.balance_mensual()
  File "G:\Dinamo_Rent\repositories\renta_repository.py", line 247, in balance_mensual
    ingresos = {r["mes"]: r["total"] for r in _fetchall(_execute(conn, sql_ing))}
                                                        ~~~~~~~~^^^^^^^^^^^^^^^
  File "G:\Dinamo_Rent\repositories\database.py", line 49, in _execute
    cur.execute(sql, params or ())
    ~~~~~~~~~~~^^^^^^^^^^^^^^^^^^^
  File "D:\Users\Core-i7Pc\AppData\Local\Programs\Python\Python314\Lib\site-packages\pymysql\cursors.py", line 151, in execute
    query = self.mogrify(query, args)
  File "D:\Users\Core-i7Pc\AppData\Local\Programs\Python\Python314\Lib\site-packages\pymysql\cursors.py", line 129, in mogrify
    query = query % self._escape_args(args, conn)
            ~~~~~~^~~~~~~~~~~~~~~~~~~~~~~~~~~~~~~
TypeError: not enough arguments for format string
2026-03-25 17:17:16 | WARNING  | Dinamo Rent ERP.services.services | Intento de login fallido: admin
2026-03-25 21:47:18 | ERROR    | Dinamo Rent ERP.__main__       | Error en login: not enough values to unpack (expected 10, got 9)
Traceback (most recent call last):
  File "G:\Dinamo_Rent\main_qt.py", line 233, in _login
    self._main = MainWindow(session)
                 ~~~~~~~~~~^^^^^^^^^
  File "G:\Dinamo_Rent\main_qt.py", line 287, in __init__
    self._inicializar_vistas()
    ~~~~~~~~~~~~~~~~~~~~~~~~^^
  File "G:\Dinamo_Rent\main_qt.py", line 372, in _inicializar_vistas
    (Dashboard, Calendario, Rentas, Reservas,
    ^^^^^^^^^^^^^^^^^^^^^^^^^^^^^^^^^^^^^^^^^
     Clientes, Autos, Mantenimiento, Usuarios, Informes, Comparendos) = _cargar_vistas()
     ^^^^^^^^^^^^^^^^^^^^^^^^^^^^^^^^^^^^^^^^^^^^^^^^^^^^^^^^^^^^^^^^
ValueError: not enough values to unpack (expected 10, got 9)
2026-03-25 21:52:57 | ERROR    | Dinamo Rent ERP.__main__       | Error en login: (1267, "Illegal mix of collations (utf8mb4_general_ci,IMPLICIT) and (utf8mb4_unicode_ci,IMPLICIT) for operation '='")
Traceback (most recent call last):
  File "G:\Dinamo_Rent\main_qt.py", line 233, in _login
    self._main = MainWindow(session)
                 ~~~~~~~~~~^^^^^^^^^
  File "G:\Dinamo_Rent\main_qt.py", line 287, in __init__
    self._inicializar_vistas()
    ~~~~~~~~~~~~~~~~~~~~~~~~^^
  File "G:\Dinamo_Rent\main_qt.py", line 377, in _inicializar_vistas
    self.stack.addWidget(W())
                         ~^^
  File "G:\Dinamo_Rent\views\comparendos_view.py", line 151, in __init__
    self.cargar_datos()
    ~~~~~~~~~~~~~~~~~^^
  File "G:\Dinamo_Rent\views\comparendos_view.py", line 167, in cargar_datos
    multas = ComparendoService.listar()
  File "G:\Dinamo_Rent\services\services_extra.py", line 235, in listar
    return ComparendoRepository.obtener_todos()
           ~~~~~~~~~~~~~~~~~~~~~~~~~~~~~~~~~~^^
  File "G:\Dinamo_Rent\repositories\comparendo_repository.py", line 22, in obtener_todos
    return _fetchall(_execute(conn, sql))
                     ~~~~~~~~^^^^^^^^^^^
  File "G:\Dinamo_Rent\repositories\database.py", line 49, in _execute
    cur.execute(sql, params or ())
    ~~~~~~~~~~~^^^^^^^^^^^^^^^^^^^
  File "D:\Users\Core-i7Pc\AppData\Local\Programs\Python\Python314\Lib\site-packages\pymysql\cursors.py", line 153, in execute
    result = self._query(query)
  File "D:\Users\Core-i7Pc\AppData\Local\Programs\Python\Python314\Lib\site-packages\pymysql\cursors.py", line 322, in _query
    conn.query(q)
    ~~~~~~~~~~^^^
  File "D:\Users\Core-i7Pc\AppData\Local\Programs\Python\Python314\Lib\site-packages\pymysql\connections.py", line 575, in query
    self._affected_rows = self._read_query_result(unbuffered=unbuffered)
                          ~~~~~~~~~~~~~~~~~~~~~~~^^^^^^^^^^^^^^^^^^^^^^^
  File "D:\Users\Core-i7Pc\AppData\Local\Programs\Python\Python314\Lib\site-packages\pymysql\connections.py", line 826, in _read_query_result
    result.read()
    ~~~~~~~~~~~^^
  File "D:\Users\Core-i7Pc\AppData\Local\Programs\Python\Python314\Lib\site-packages\pymysql\connections.py", line 1203, in read
    first_packet = self.connection._read_packet()
  File "D:\Users\Core-i7Pc\AppData\Local\Programs\Python\Python314\Lib\site-packages\pymysql\connections.py", line 782, in _read_packet
    packet.raise_for_error()
    ~~~~~~~~~~~~~~~~~~~~~~^^
  File "D:\Users\Core-i7Pc\AppData\Local\Programs\Python\Python314\Lib\site-packages\pymysql\protocol.py", line 219, in raise_for_error
    err.raise_mysql_exception(self._data)
    ~~~~~~~~~~~~~~~~~~~~~~~~~^^^^^^^^^^^^
  File "D:\Users\Core-i7Pc\AppData\Local\Programs\Python\Python314\Lib\site-packages\pymysql\err.py", line 150, in raise_mysql_exception
    raise errorclass(errno, errval)
pymysql.err.OperationalError: (1267, "Illegal mix of collations (utf8mb4_general_ci,IMPLICIT) and (utf8mb4_unicode_ci,IMPLICIT) for operation '='")
2026-03-28 14:04:24 | ERROR    | Dinamo Rent ERP.__main__       | Error en login: No module named 'utils'
Traceback (most recent call last):
  File "G:\Dinamo_Rent\views\reservas_view.py", line 20, in <module>
    from modules import utils
ModuleNotFoundError: No module named 'modules'

During handling of the above exception, another exception occurred:

Traceback (most recent call last):
  File "G:\Dinamo_Rent\main_qt.py", line 235, in _login
    self._main = MainWindow(session)
                 ~~~~~~~~~~^^^^^^^^^
  File "G:\Dinamo_Rent\main_qt.py", line 291, in __init__
    self._inicializar_vistas()
    ~~~~~~~~~~~~~~~~~~~~~~~~^^
  File "G:\Dinamo_Rent\main_qt.py", line 377, in _inicializar_vistas
    Clientes, Autos, Mantenimiento, Usuarios, Informes, Comparendos, Alertas, Gastos) = _cargar_vistas()
                                                                                        ~~~~~~~~~~~~~~^^
  File "G:\Dinamo_Rent\main_qt.py", line 43, in _cargar_vistas
    from views.reservas_view       import ReservasWidget
  File "G:\Dinamo_Rent\views\reservas_view.py", line 22, in <module>
    import utils
ModuleNotFoundError: No module named 'utils'
2026-03-28 17:19:22 | ERROR    | Dinamo Rent ERP.__main__       | Error en login: name 'QBrush' is not defined
Traceback (most recent call last):
  File "G:\Dinamo_Rent\main_qt.py", line 235, in _login
    self._main = MainWindow(session)
                 ~~~~~~~~~~^^^^^^^^^
  File "G:\Dinamo_Rent\main_qt.py", line 293, in __init__
    self._menu = self._crear_menu(session.get("rol", ""))
                 ~~~~~~~~~~~~~~~~^^^^^^^^^^^^^^^^^^^^^^^^
  File "G:\Dinamo_Rent\main_qt.py", line 378, in _crear_menu
    item.setForeground(QBrush(QColor("#90caf9")))  # Azul claro pastel
                       ^^^^^^
NameError: name 'QBrush' is not defined
2026-03-28 20:08:25 | ERROR    | Dinamo Rent ERP.__main__       | Error en login: 'MenuCategory' object has no attribute 'expanded'
Traceback (most recent call last):
  File "G:\Dinamo_Rent\main_qt.py", line 236, in _login
    self._main = MainWindow(session)
                 ~~~~~~~~~~^^^^^^^^^
  File "G:\Dinamo_Rent\main_qt.py", line 491, in __init__
    self._menu = self._crear_menu_colapsable(session.get("rol", ""))
                 ~~~~~~~~~~~~~~~~~~~~~~~~~~~^^^^^^^^^^^^^^^^^^^^^^^^
  File "G:\Dinamo_Rent\main_qt.py", line 586, in _crear_menu_colapsable
    cat = MenuCategory(title, icon, filtered_items, rol)
  File "G:\Dinamo_Rent\main_qt.py", line 298, in __init__
    self._update_arrow()
    ~~~~~~~~~~~~~~~~~~^^
  File "G:\Dinamo_Rent\main_qt.py", line 352, in _update_arrow
    arrow = "▼" if self.expanded else "▶"
                   ^^^^^^^^^^^^^
AttributeError: 'MenuCategory' object has no attribute 'expanded'
2026-03-28 20:11:59 | WARNING  | Dinamo Rent ERP.services.services | Intento de login fallido: admin
2026-03-28 23:26:33 | WARNING  | Dinamo Rent ERP.InformesWidget | Error mostrado al usuario: Error inesperado: not enough arguments for format string
2026-03-28 23:26:38 | ERROR    | Dinamo Rent ERP.InformesWidget | Error inesperado en InformesWidget: not enough arguments for format string
Traceback (most recent call last):
  File "G:\Dinamo_Rent\views\base_widget.py", line 57, in ejecutar_seguro
    resultado = func(*args, **kwargs)
  File "G:\Dinamo_Rent\services\services_extra.py", line 430, in balance_mensual_real
    resultados = InformeRepository.obtener_balance_consolidado()
  File "G:\Dinamo_Rent\repositories\informe_repository.py", line 47, in obtener_balance_consolidado
    return _fetchall(_execute(conn, sql))
                     ~~~~~~~~^^^^^^^^^^^
  File "G:\Dinamo_Rent\repositories\database.py", line 49, in _execute
    cur.execute(sql, params or ())
    ~~~~~~~~~~~^^^^^^^^^^^^^^^^^^^
  File "D:\Users\Core-i7Pc\AppData\Local\Programs\Python\Python314\Lib\site-packages\pymysql\cursors.py", line 151, in execute
    query = self.mogrify(query, args)
  File "D:\Users\Core-i7Pc\AppData\Local\Programs\Python\Python314\Lib\site-packages\pymysql\cursors.py", line 129, in mogrify
    query = query % self._escape_args(args, conn)
            ~~~~~~^~~~~~~~~~~~~~~~~~~~~~~~~~~~~~~
TypeError: not enough arguments for format string
2026-03-28 23:29:58 | WARNING  | Dinamo Rent ERP.InformesWidget | Error mostrado al usuario: Error inesperado: (1146, "Table 'dinamo_rent.pagos' doesn't exist")
2026-03-28 23:30:08 | ERROR    | Dinamo Rent ERP.InformesWidget | Error inesperado en InformesWidget: (1146, "Table 'dinamo_rent.pagos' doesn't exist")
Traceback (most recent call last):
  File "G:\Dinamo_Rent\views\base_widget.py", line 57, in ejecutar_seguro
    resultado = func(*args, **kwargs)
  File "G:\Dinamo_Rent\services\services_extra.py", line 430, in balance_mensual_real
    resultados = InformeRepository.obtener_balance_consolidado()
  File "G:\Dinamo_Rent\repositories\informe_repository.py", line 48, in obtener_balance_consolidado
    return _fetchall(_execute(conn, sql))
                     ~~~~~~~~^^^^^^^^^^^
  File "G:\Dinamo_Rent\repositories\database.py", line 49, in _execute
    cur.execute(sql, params or ())
    ~~~~~~~~~~~^^^^^^^^^^^^^^^^^^^
  File "D:\Users\Core-i7Pc\AppData\Local\Programs\Python\Python314\Lib\site-packages\pymysql\cursors.py", line 153, in execute
    result = self._query(query)
  File "D:\Users\Core-i7Pc\AppData\Local\Programs\Python\Python314\Lib\site-packages\pymysql\cursors.py", line 322, in _query
    conn.query(q)
    ~~~~~~~~~~^^^
  File "D:\Users\Core-i7Pc\AppData\Local\Programs\Python\Python314\Lib\site-packages\pymysql\connections.py", line 575, in query
    self._affected_rows = self._read_query_result(unbuffered=unbuffered)
                          ~~~~~~~~~~~~~~~~~~~~~~~^^^^^^^^^^^^^^^^^^^^^^^
  File "D:\Users\Core-i7Pc\AppData\Local\Programs\Python\Python314\Lib\site-packages\pymysql\connections.py", line 826, in _read_query_result
    result.read()
    ~~~~~~~~~~~^^
  File "D:\Users\Core-i7Pc\AppData\Local\Programs\Python\Python314\Lib\site-packages\pymysql\connections.py", line 1203, in read
    first_packet = self.connection._read_packet()
  File "D:\Users\Core-i7Pc\AppData\Local\Programs\Python\Python314\Lib\site-packages\pymysql\connections.py", line 782, in _read_packet
    packet.raise_for_error()
    ~~~~~~~~~~~~~~~~~~~~~~^^
  File "D:\Users\Core-i7Pc\AppData\Local\Programs\Python\Python314\Lib\site-packages\pymysql\protocol.py", line 219, in raise_for_error
    err.raise_mysql_exception(self._data)
    ~~~~~~~~~~~~~~~~~~~~~~~~~^^^^^^^^^^^^
  File "D:\Users\Core-i7Pc\AppData\Local\Programs\Python\Python314\Lib\site-packages\pymysql\err.py", line 150, in raise_mysql_exception
    raise errorclass(errno, errval)
pymysql.err.ProgrammingError: (1146, "Table 'dinamo_rent.pagos' doesn't exist")
2026-03-28 23:34:51 | WARNING  | Dinamo Rent ERP.InformesWidget | Error mostrado al usuario: Error inesperado: (1146, "Table 'dinamo_rent.mantenimientos' doesn't exist")
2026-03-28 23:34:59 | ERROR    | Dinamo Rent ERP.InformesWidget | Error inesperado en InformesWidget: (1146, "Table 'dinamo_rent.mantenimientos' doesn't exist")
Traceback (most recent call last):
  File "G:\Dinamo_Rent\views\base_widget.py", line 57, in ejecutar_seguro
    resultado = func(*args, **kwargs)
  File "G:\Dinamo_Rent\services\services_extra.py", line 430, in balance_mensual_real
    resultados = InformeRepository.obtener_balance_consolidado()
  File "G:\Dinamo_Rent\repositories\informe_repository.py", line 48, in obtener_balance_consolidado
    return _fetchall(_execute(conn, sql))
                     ~~~~~~~~^^^^^^^^^^^
  File "G:\Dinamo_Rent\repositories\database.py", line 49, in _execute
    cur.execute(sql, params or ())
    ~~~~~~~~~~~^^^^^^^^^^^^^^^^^^^
  File "D:\Users\Core-i7Pc\AppData\Local\Programs\Python\Python314\Lib\site-packages\pymysql\cursors.py", line 153, in execute
    result = self._query(query)
  File "D:\Users\Core-i7Pc\AppData\Local\Programs\Python\Python314\Lib\site-packages\pymysql\cursors.py", line 322, in _query
    conn.query(q)
    ~~~~~~~~~~^^^
  File "D:\Users\Core-i7Pc\AppData\Local\Programs\Python\Python314\Lib\site-packages\pymysql\connections.py", line 575, in query
    self._affected_rows = self._read_query_result(unbuffered=unbuffered)
                          ~~~~~~~~~~~~~~~~~~~~~~~^^^^^^^^^^^^^^^^^^^^^^^
  File "D:\Users\Core-i7Pc\AppData\Local\Programs\Python\Python314\Lib\site-packages\pymysql\connections.py", line 826, in _read_query_result
    result.read()
    ~~~~~~~~~~~^^
  File "D:\Users\Core-i7Pc\AppData\Local\Programs\Python\Python314\Lib\site-packages\pymysql\connections.py", line 1203, in read
    first_packet = self.connection._read_packet()
  File "D:\Users\Core-i7Pc\AppData\Local\Programs\Python\Python314\Lib\site-packages\pymysql\connections.py", line 782, in _read_packet
    packet.raise_for_error()
    ~~~~~~~~~~~~~~~~~~~~~~^^
  File "D:\Users\Core-i7Pc\AppData\Local\Programs\Python\Python314\Lib\site-packages\pymysql\protocol.py", line 219, in raise_for_error
    err.raise_mysql_exception(self._data)
    ~~~~~~~~~~~~~~~~~~~~~~~~~^^^^^^^^^^^^
  File "D:\Users\Core-i7Pc\AppData\Local\Programs\Python\Python314\Lib\site-packages\pymysql\err.py", line 150, in raise_mysql_exception
    raise errorclass(errno, errval)
pymysql.err.ProgrammingError: (1146, "Table 'dinamo_rent.mantenimientos' doesn't exist")
2026-03-28 23:37:32 | WARNING  | Dinamo Rent ERP.InformesWidget | Error mostrado al usuario: Error inesperado: (1146, "Table 'dinamo_rent.mantenimientos' doesn't exist")
2026-03-28 23:37:39 | ERROR    | Dinamo Rent ERP.InformesWidget | Error inesperado en InformesWidget: (1146, "Table 'dinamo_rent.mantenimientos' doesn't exist")
Traceback (most recent call last):
  File "G:\Dinamo_Rent\views\base_widget.py", line 57, in ejecutar_seguro
    resultado = func(*args, **kwargs)
  File "G:\Dinamo_Rent\services\services_extra.py", line 430, in balance_mensual_real
    resultados = InformeRepository.obtener_balance_consolidado()
  File "G:\Dinamo_Rent\repositories\informe_repository.py", line 48, in obtener_balance_consolidado
    return _fetchall(_execute(conn, sql))
                     ~~~~~~~~^^^^^^^^^^^
  File "G:\Dinamo_Rent\repositories\database.py", line 49, in _execute
    cur.execute(sql, params or ())
    ~~~~~~~~~~~^^^^^^^^^^^^^^^^^^^
  File "D:\Users\Core-i7Pc\AppData\Local\Programs\Python\Python314\Lib\site-packages\pymysql\cursors.py", line 153, in execute
    result = self._query(query)
  File "D:\Users\Core-i7Pc\AppData\Local\Programs\Python\Python314\Lib\site-packages\pymysql\cursors.py", line 322, in _query
    conn.query(q)
    ~~~~~~~~~~^^^
  File "D:\Users\Core-i7Pc\AppData\Local\Programs\Python\Python314\Lib\site-packages\pymysql\connections.py", line 575, in query
    self._affected_rows = self._read_query_result(unbuffered=unbuffered)
                          ~~~~~~~~~~~~~~~~~~~~~~~^^^^^^^^^^^^^^^^^^^^^^^
  File "D:\Users\Core-i7Pc\AppData\Local\Programs\Python\Python314\Lib\site-packages\pymysql\connections.py", line 826, in _read_query_result
    result.read()
    ~~~~~~~~~~~^^
  File "D:\Users\Core-i7Pc\AppData\Local\Programs\Python\Python314\Lib\site-packages\pymysql\connections.py", line 1203, in read
    first_packet = self.connection._read_packet()
  File "D:\Users\Core-i7Pc\AppData\Local\Programs\Python\Python314\Lib\site-packages\pymysql\connections.py", line 782, in _read_packet
    packet.raise_for_error()
    ~~~~~~~~~~~~~~~~~~~~~~^^
  File "D:\Users\Core-i7Pc\AppData\Local\Programs\Python\Python314\Lib\site-packages\pymysql\protocol.py", line 219, in raise_for_error
    err.raise_mysql_exception(self._data)
    ~~~~~~~~~~~~~~~~~~~~~~~~~^^^^^^^^^^^^
  File "D:\Users\Core-i7Pc\AppData\Local\Programs\Python\Python314\Lib\site-packages\pymysql\err.py", line 150, in raise_mysql_exception
    raise errorclass(errno, errval)
pymysql.err.ProgrammingError: (1146, "Table 'dinamo_rent.mantenimientos' doesn't exist")
2026-03-28 23:51:52 | WARNING  | Dinamo Rent ERP.repositories.database | Error al añadir columna mantenimiento_vehiculos.pieza_varias_obs: (1146, "Table 'dinamo_rent.mantenimiento_vehiculos' doesn't exist")
2026-03-28 23:51:52 | WARNING  | Dinamo Rent ERP.repositories.database | Error al añadir columna mantenimiento_vehiculos.pieza_varias_fecha: (1146, "Table 'dinamo_rent.mantenimiento_vehiculos' doesn't exist")
2026-03-28 23:51:52 | WARNING  | Dinamo Rent ERP.repositories.database | Error al añadir columna mantenimiento_vehiculos.pieza_varias_tipo: (1146, "Table 'dinamo_rent.mantenimiento_vehiculos' doesn't exist")
2026-03-28 23:51:52 | WARNING  | Dinamo Rent ERP.repositories.database | Error al añadir columna mantenimiento_vehiculos.cost_varios: (1146, "Table 'dinamo_rent.mantenimiento_vehiculos' doesn't exist")
2026-03-28 23:52:06 | WARNING  | Dinamo Rent ERP.DashboardWidget | Error mostrado al usuario: Error inesperado: (1146, "Table 'dinamo_rent.mantenimiento_vehiculos' doesn't exist")
2026-03-28 23:52:13 | ERROR    | Dinamo Rent ERP.DashboardWidget | Error inesperado en DashboardWidget: (1146, "Table 'dinamo_rent.mantenimiento_vehiculos' doesn't exist")
Traceback (most recent call last):
  File "G:\Dinamo_Rent\views\base_widget.py", line 57, in ejecutar_seguro
    resultado = func(*args, **kwargs)
  File "G:\Dinamo_Rent\services\services.py", line 61, in obtener_alertas
    for auto in AutoRepository.obtener_alertas_flota():
                ~~~~~~~~~~~~~~~~~~~~~~~~~~~~~~~~~~~~^^
  File "G:\Dinamo_Rent\repositories\auto_repository.py", line 198, in obtener_alertas_flota
    cur = _execute(conn, sql)
  File "G:\Dinamo_Rent\repositories\database.py", line 49, in _execute
    cur.execute(sql, params or ())
    ~~~~~~~~~~~^^^^^^^^^^^^^^^^^^^
  File "D:\Users\Core-i7Pc\AppData\Local\Programs\Python\Python314\Lib\site-packages\pymysql\cursors.py", line 153, in execute
    result = self._query(query)
  File "D:\Users\Core-i7Pc\AppData\Local\Programs\Python\Python314\Lib\site-packages\pymysql\cursors.py", line 322, in _query
    conn.query(q)
    ~~~~~~~~~~^^^
  File "D:\Users\Core-i7Pc\AppData\Local\Programs\Python\Python314\Lib\site-packages\pymysql\connections.py", line 575, in query
    self._affected_rows = self._read_query_result(unbuffered=unbuffered)
                          ~~~~~~~~~~~~~~~~~~~~~~~^^^^^^^^^^^^^^^^^^^^^^^
  File "D:\Users\Core-i7Pc\AppData\Local\Programs\Python\Python314\Lib\site-packages\pymysql\connections.py", line 826, in _read_query_result
    result.read()
    ~~~~~~~~~~~^^
  File "D:\Users\Core-i7Pc\AppData\Local\Programs\Python\Python314\Lib\site-packages\pymysql\connections.py", line 1203, in read
    first_packet = self.connection._read_packet()
  File "D:\Users\Core-i7Pc\AppData\Local\Programs\Python\Python314\Lib\site-packages\pymysql\connections.py", line 782, in _read_packet
    packet.raise_for_error()
    ~~~~~~~~~~~~~~~~~~~~~~^^
  File "D:\Users\Core-i7Pc\AppData\Local\Programs\Python\Python314\Lib\site-packages\pymysql\protocol.py", line 219, in raise_for_error
    err.raise_mysql_exception(self._data)
    ~~~~~~~~~~~~~~~~~~~~~~~~~^^^^^^^^^^^^
  File "D:\Users\Core-i7Pc\AppData\Local\Programs\Python\Python314\Lib\site-packages\pymysql\err.py", line 150, in raise_mysql_exception
    raise errorclass(errno, errval)
pymysql.err.ProgrammingError: (1146, "Table 'dinamo_rent.mantenimiento_vehiculos' doesn't exist")
2026-03-28 23:52:13 | WARNING  | Dinamo Rent ERP.InformesWidget | Error mostrado al usuario: Error inesperado: (1146, "Table 'dinamo_rent.mantenimiento_vehiculos' doesn't exist")
2026-03-28 23:52:17 | ERROR    | Dinamo Rent ERP.InformesWidget | Error inesperado en InformesWidget: (1146, "Table 'dinamo_rent.mantenimiento_vehiculos' doesn't exist")
Traceback (most recent call last):
  File "G:\Dinamo_Rent\views\base_widget.py", line 57, in ejecutar_seguro
    resultado = func(*args, **kwargs)
  File "G:\Dinamo_Rent\services\services.py", line 212, in roi_flota
    for r in _fetchall(_execute(conn, """
                       ~~~~~~~~^^^^^^^^^^
        SELECT placa, SUM(total_mantenimiento) as total
        ^^^^^^^^^^^^^^^^^^^^^^^^^^^^^^^^^^^^^^^^^^^^^^^
        FROM mantenimiento_vehiculos GROUP BY placa
        ^^^^^^^^^^^^^^^^^^^^^^^^^^^^^^^^^^^^^^^^^^^
    """)):
    ^^^^
  File "G:\Dinamo_Rent\repositories\database.py", line 49, in _execute
    cur.execute(sql, params or ())
    ~~~~~~~~~~~^^^^^^^^^^^^^^^^^^^
  File "D:\Users\Core-i7Pc\AppData\Local\Programs\Python\Python314\Lib\site-packages\pymysql\cursors.py", line 153, in execute
    result = self._query(query)
  File "D:\Users\Core-i7Pc\AppData\Local\Programs\Python\Python314\Lib\site-packages\pymysql\cursors.py", line 322, in _query
    conn.query(q)
    ~~~~~~~~~~^^^
  File "D:\Users\Core-i7Pc\AppData\Local\Programs\Python\Python314\Lib\site-packages\pymysql\connections.py", line 575, in query
    self._affected_rows = self._read_query_result(unbuffered=unbuffered)
                          ~~~~~~~~~~~~~~~~~~~~~~~^^^^^^^^^^^^^^^^^^^^^^^
  File "D:\Users\Core-i7Pc\AppData\Local\Programs\Python\Python314\Lib\site-packages\pymysql\connections.py", line 826, in _read_query_result
    result.read()
    ~~~~~~~~~~~^^
  File "D:\Users\Core-i7Pc\AppData\Local\Programs\Python\Python314\Lib\site-packages\pymysql\connections.py", line 1203, in read
    first_packet = self.connection._read_packet()
  File "D:\Users\Core-i7Pc\AppData\Local\Programs\Python\Python314\Lib\site-packages\pymysql\connections.py", line 782, in _read_packet
    packet.raise_for_error()
    ~~~~~~~~~~~~~~~~~~~~~~^^
  File "D:\Users\Core-i7Pc\AppData\Local\Programs\Python\Python314\Lib\site-packages\pymysql\protocol.py", line 219, in raise_for_error
    err.raise_mysql_exception(self._data)
    ~~~~~~~~~~~~~~~~~~~~~~~~~^^^^^^^^^^^^
  File "D:\Users\Core-i7Pc\AppData\Local\Programs\Python\Python314\Lib\site-packages\pymysql\err.py", line 150, in raise_mysql_exception
    raise errorclass(errno, errval)
pymysql.err.ProgrammingError: (1146, "Table 'dinamo_rent.mantenimiento_vehiculos' doesn't exist")
2026-03-29 00:14:24 | ERROR    | Dinamo Rent ERP.__main__       | Error en login: (1146, "Table 'dinamo_rent.mantenimientos' doesn't exist")
Traceback (most recent call last):
  File "G:\Dinamo_Rent\main_qt.py", line 236, in _login
    self._main = MainWindow(session)
                 ~~~~~~~~~~^^^^^^^^^
  File "G:\Dinamo_Rent\main_qt.py", line 506, in __init__
    self._inicializar_vistas()
    ~~~~~~~~~~~~~~~~~~~~~~~~^^
  File "G:\Dinamo_Rent\main_qt.py", line 650, in _inicializar_vistas
    self.stack.addWidget(W())
                         ~^^
  File "G:\Dinamo_Rent\views\mantenimiento_view.py", line 201, in __init__
    self.cargar_historial()
    ~~~~~~~~~~~~~~~~~~~~~^^
  File "G:\Dinamo_Rent\views\mantenimiento_view.py", line 216, in cargar_historial
    historial = MantenimientoService.listar_historial(50)
  File "G:\Dinamo_Rent\services\services_extra.py", line 93, in listar_historial
    return MantenimientoRepository.obtener_historial(limite)
           ~~~~~~~~~~~~~~~~~~~~~~~~~~~~~~~~~~~~~~~~~^^^^^^^^
  File "G:\Dinamo_Rent\repositories\mantenimiento_repository.py", line 17, in obtener_historial
    cur = _execute(conn, """
        SELECT pieza_varias_fecha, placa, pieza_varias_tipo,
    ...<2 lines>...
        ORDER BY id DESC LIMIT %s
    """, (limite,))
  File "G:\Dinamo_Rent\repositories\database.py", line 49, in _execute
    cur.execute(sql, params or ())
    ~~~~~~~~~~~^^^^^^^^^^^^^^^^^^^
  File "D:\Users\Core-i7Pc\AppData\Local\Programs\Python\Python314\Lib\site-packages\pymysql\cursors.py", line 153, in execute
    result = self._query(query)
  File "D:\Users\Core-i7Pc\AppData\Local\Programs\Python\Python314\Lib\site-packages\pymysql\cursors.py", line 322, in _query
    conn.query(q)
    ~~~~~~~~~~^^^
  File "D:\Users\Core-i7Pc\AppData\Local\Programs\Python\Python314\Lib\site-packages\pymysql\connections.py", line 575, in query
    self._affected_rows = self._read_query_result(unbuffered=unbuffered)
                          ~~~~~~~~~~~~~~~~~~~~~~~^^^^^^^^^^^^^^^^^^^^^^^
  File "D:\Users\Core-i7Pc\AppData\Local\Programs\Python\Python314\Lib\site-packages\pymysql\connections.py", line 826, in _read_query_result
    result.read()
    ~~~~~~~~~~~^^
  File "D:\Users\Core-i7Pc\AppData\Local\Programs\Python\Python314\Lib\site-packages\pymysql\connections.py", line 1203, in read
    first_packet = self.connection._read_packet()
  File "D:\Users\Core-i7Pc\AppData\Local\Programs\Python\Python314\Lib\site-packages\pymysql\connections.py", line 782, in _read_packet
    packet.raise_for_error()
    ~~~~~~~~~~~~~~~~~~~~~~^^
  File "D:\Users\Core-i7Pc\AppData\Local\Programs\Python\Python314\Lib\site-packages\pymysql\protocol.py", line 219, in raise_for_error
    err.raise_mysql_exception(self._data)
    ~~~~~~~~~~~~~~~~~~~~~~~~~^^^^^^^^^^^^
  File "D:\Users\Core-i7Pc\AppData\Local\Programs\Python\Python314\Lib\site-packages\pymysql\err.py", line 150, in raise_mysql_exception
    raise errorclass(errno, errval)
pymysql.err.ProgrammingError: (1146, "Table 'dinamo_rent.mantenimientos' doesn't exist")
2026-03-29 00:17:03 | ERROR    | Dinamo Rent ERP.__main__       | Error en login: (1146, "Table 'dinamo_rent.mantenimientos' doesn't exist")
Traceback (most recent call last):
  File "G:\Dinamo_Rent\main_qt.py", line 236, in _login
    self._main = MainWindow(session)
                 ~~~~~~~~~~^^^^^^^^^
  File "G:\Dinamo_Rent\main_qt.py", line 506, in __init__
    self._inicializar_vistas()
    ~~~~~~~~~~~~~~~~~~~~~~~~^^
  File "G:\Dinamo_Rent\main_qt.py", line 650, in _inicializar_vistas
    self.stack.addWidget(W())
                         ~^^
  File "G:\Dinamo_Rent\views\mantenimiento_view.py", line 201, in __init__
    self.cargar_historial()
    ~~~~~~~~~~~~~~~~~~~~~^^
  File "G:\Dinamo_Rent\views\mantenimiento_view.py", line 216, in cargar_historial
    historial = MantenimientoService.listar_historial(50)
  File "G:\Dinamo_Rent\services\services_extra.py", line 93, in listar_historial
    return MantenimientoRepository.obtener_historial(limite)
           ~~~~~~~~~~~~~~~~~~~~~~~~~~~~~~~~~~~~~~~~~^^^^^^^^
  File "G:\Dinamo_Rent\repositories\mantenimiento_repository.py", line 17, in obtener_historial
    cur = _execute(conn, """
        SELECT pieza_varias_fecha, placa, pieza_varias_tipo,
    ...<2 lines>...
        ORDER BY id DESC LIMIT %s
    """, (limite,))
  File "G:\Dinamo_Rent\repositories\database.py", line 49, in _execute
    cur.execute(sql, params or ())
    ~~~~~~~~~~~^^^^^^^^^^^^^^^^^^^
  File "D:\Users\Core-i7Pc\AppData\Local\Programs\Python\Python314\Lib\site-packages\pymysql\cursors.py", line 153, in execute
    result = self._query(query)
  File "D:\Users\Core-i7Pc\AppData\Local\Programs\Python\Python314\Lib\site-packages\pymysql\cursors.py", line 322, in _query
    conn.query(q)
    ~~~~~~~~~~^^^
  File "D:\Users\Core-i7Pc\AppData\Local\Programs\Python\Python314\Lib\site-packages\pymysql\connections.py", line 575, in query
    self._affected_rows = self._read_query_result(unbuffered=unbuffered)
                          ~~~~~~~~~~~~~~~~~~~~~~~^^^^^^^^^^^^^^^^^^^^^^^
  File "D:\Users\Core-i7Pc\AppData\Local\Programs\Python\Python314\Lib\site-packages\pymysql\connections.py", line 826, in _read_query_result
    result.read()
    ~~~~~~~~~~~^^
  File "D:\Users\Core-i7Pc\AppData\Local\Programs\Python\Python314\Lib\site-packages\pymysql\connections.py", line 1203, in read
    first_packet = self.connection._read_packet()
  File "D:\Users\Core-i7Pc\AppData\Local\Programs\Python\Python314\Lib\site-packages\pymysql\connections.py", line 782, in _read_packet
    packet.raise_for_error()
    ~~~~~~~~~~~~~~~~~~~~~~^^
  File "D:\Users\Core-i7Pc\AppData\Local\Programs\Python\Python314\Lib\site-packages\pymysql\protocol.py", line 219, in raise_for_error
    err.raise_mysql_exception(self._data)
    ~~~~~~~~~~~~~~~~~~~~~~~~~^^^^^^^^^^^^
  File "D:\Users\Core-i7Pc\AppData\Local\Programs\Python\Python314\Lib\site-packages\pymysql\err.py", line 150, in raise_mysql_exception
    raise errorclass(errno, errval)
pymysql.err.ProgrammingError: (1146, "Table 'dinamo_rent.mantenimientos' doesn't exist")
2026-04-12 22:22:31 | ERROR    | Dinamo Rent ERP.services.services | Error creando backup: [WinError 2] El sistema no puede encontrar el archivo especificado
2026-04-12 22:22:44 | WARNING  | Dinamo Rent ERP.InformesWidget | Error mostrado al usuario: Error inesperado: Textual SQL expression '\n                SELECT\n ...' should be explicitly declared as text('\n                SELECT\n ...')
2026-04-12 22:22:50 | ERROR    | Dinamo Rent ERP.InformesWidget | Error inesperado en InformesWidget: Textual SQL expression '\n                SELECT\n ...' should be explicitly declared as text('\n                SELECT\n ...')
Traceback (most recent call last):
  File "G:\Dinamo_Rent\views\base_widget.py", line 57, in ejecutar_seguro
    resultado = func(*args, **kwargs)
  File "G:\Dinamo_Rent\services\services_extra.py", line 516, in balance_mensual_real
    resultados = InformeRepositorySA.obtener_balance_consolidado()
  File "G:\Dinamo_Rent\repositories\repositories_sa.py", line 549, in obtener_balance_consolidado
    result = session.execute(sql)
  File "D:\Users\Core-i7Pc\AppData\Local\Programs\Python\Python314\Lib\site-packages\sqlalchemy\orm\session.py", line 2351, in execute
    return self._execute_internal(
           ~~~~~~~~~~~~~~~~~~~~~~^
        statement,
        ^^^^^^^^^^
    ...<4 lines>...
        _add_event=_add_event,
        ^^^^^^^^^^^^^^^^^^^^^^
    )
    ^
  File "D:\Users\Core-i7Pc\AppData\Local\Programs\Python\Python314\Lib\site-packages\sqlalchemy\orm\session.py", line 2147, in _execute_internal
    statement = coercions.expect(roles.StatementRole, statement)
  File "D:\Users\Core-i7Pc\AppData\Local\Programs\Python\Python314\Lib\site-packages\sqlalchemy\sql\coercions.py", line 396, in expect
    resolved = impl._literal_coercion(
        element, argname=argname, **kw
    )
  File "D:\Users\Core-i7Pc\AppData\Local\Programs\Python\Python314\Lib\site-packages\sqlalchemy\sql\coercions.py", line 622, in _literal_coercion
    return self._text_coercion(element, argname, **kw)
           ~~~~~~~~~~~~~~~~~~~^^^^^^^^^^^^^^^^^^^^^^^^
  File "D:\Users\Core-i7Pc\AppData\Local\Programs\Python\Python314\Lib\site-packages\sqlalchemy\sql\coercions.py", line 615, in _text_coercion
    return _no_text_coercion(element, argname)
  File "D:\Users\Core-i7Pc\AppData\Local\Programs\Python\Python314\Lib\site-packages\sqlalchemy\sql\coercions.py", line 585, in _no_text_coercion
    raise exc_cls(
    ...<7 lines>...
    ) from err
sqlalchemy.exc.ArgumentError: Textual SQL expression '\n                SELECT\n ...' should be explicitly declared as text('\n                SELECT\n ...')
2026-04-12 22:57:45 | ERROR    | Dinamo Rent ERP.services.services | Error creando backup: [WinError 2] El sistema no puede encontrar el archivo especificado
2026-04-12 23:00:00 | ERROR    | Dinamo Rent ERP.services.services | Error creando backup: [WinError 2] El sistema no puede encontrar el archivo especificado
